2026-05-10 07:58:18,955 - INFO - Servicio agregado: Sala de Juntas
2026-05-10 07:58:18,955 - INFO - Servicio agregado: Portátiles
2026-05-10 07:58:18,956 - INFO - Servicio agregado: Asesoría Empresarial
2026-05-10 08:00:01,239 - INFO - Servicio agregado: Sala de Juntas
2026-05-10 08:00:01,240 - INFO - Servicio agregado: Portátiles
2026-05-10 08:00:01,240 - INFO - Servicio agregado: Asesoría Empresarial
2026-05-10 08:01:38,023 - INFO - Servicio agregado: Sala de Juntas
2026-05-10 08:01:38,023 - INFO - Servicio agregado: Portátiles
2026-05-10 08:01:38,023 - INFO - Servicio agregado: Asesoría Empresarial
2026-05-10 08:08:40,420 - INFO - Servicio agregado: Sala de Juntas
2026-05-10 08:08:40,420 - INFO - Servicio agregado: Portátiles
2026-05-10 08:08:40,444 - INFO - Servicio agregado: Asesoría Empresarial
2026-05-10 08:09:27,626 - INFO - Servicio agregado: Sala de Juntas
2026-05-10 08:09:27,626 - INFO - Servicio agregado: Portátiles
2026-05-10 08:09:27,627 - INFO - Servicio agregado: Asesoría Empresarial
2026-05-10 08:23:40,473 - INFO - Servicio agregado: Sala de Juntas
2026-05-10 08:23:40,474 - INFO - Servicio agregado: Portátiles
2026-05-10 08:23:40,474 - INFO - Servicio agregado: Asesoría Empresarial
2026-05-10 08:24:53,698 - INFO - Servicio agregado: Sala de Juntas
2026-05-10 08:24:53,698 - INFO - Servicio agregado: Portátiles
2026-05-10 08:24:53,699 - INFO - Servicio agregado: Asesoría Empresarial
2026-05-10 08:48:53,395 - INFO - Servicio agregado: Sala de Juntas
2026-05-10 08:48:53,396 - INFO - Servicio agregado: Portátiles
2026-05-10 08:48:53,396 - INFO - Servicio agregado: Asesoría Empresarial
2026-05-10 09:06:20,098 - INFO - Servicio agregado: Sala de Juntas
2026-05-10 09:06:20,099 - INFO - Servicio agregado: Portátiles
2026-05-10 09:06:20,099 - INFO - Servicio agregado: Asesoría Empresarial
2026-05-10 09:10:22,144 - INFO - Servicio agregado: Sala de Juntas
2026-05-10 09:10:22,144 - INFO - Servicio agregado: Portátiles
2026-05-10 09:10:22,145 - INFO - Servicio agregado: Asesoría Empresarial
2026-05-10 09:14:28,136 - INFO - Cliente agregado: Juan Perez
2026-05-10 09:14:28,137 - INFO - Cliente agregado: Maria Lopez
2026-05-10 09:14:28,137 - INFO - Servicio agregado: Sala de Juntas
2026-05-10 09:14:28,138 - INFO - Servicio agregado: Portátiles
2026-05-10 09:14:28,138 - INFO - Servicio agregado: Asesoría Empresarial
2026-05-10 09:14:28,138 - INFO - Reserva agregada correctamente
2026-05-10 09:14:28,138 - INFO - Reserva agregada correctamente
2026-05-10 09:14:28,139 - INFO - Reserva agregada correctamente
2026-05-10 09:14:28,139 - INFO - Reserva agregada correctamente
2026-05-10 09:14:28,139 - INFO - Reserva agregada correctamente
